// Jest Snapshot v1, https://goo.gl/fbAQLP

exports[`Book Details page matches snapshot for book Details 1`] = `
<DocumentFragment>
  <div
    class="container"
  >
    <h2>
      Test 1
    </h2>
    <span>
      1990
    </span>
    <p>
      Test Desc
    </p>
  </div>
</DocumentFragment>
`;

exports[`Book Details page matches snapshot for error 1`] = `
<DocumentFragment>
  <div>
    Failed to load book Details. Please try again after sometime
  </div>
</DocumentFragment>
`;
